Microchip MPLAB XC8 Compiler V2.00 ()

Linker command line:

-W-3 --edf=C:\Program Files (x86)\Microchip\xc8\v2.00\pic\dat\en_msgs.txt \
  -cs -h+dist/default/debug\TicStepPathMode.X.debug.sym \
  --cmf=dist/default/debug\TicStepPathMode.X.debug.cmf -z -Q18F25K50 \
  -oC:\Users\Jeff\AppData\Local\Temp\s2s8.2 --defsym=__MPLAB_BUILD=1 \
  -Mdist/default/debug/TicStepPathMode.X.debug.map -E1 -ver=XC8 \
  --acfsm=1493 -ASTACK=01FEh-07ffh -pstack=STACK -ACODE=00h-07FFFh \
  -ACONST=00h-07FFFh -ASMALLCONST=0800h-08FFhx120 \
  -AMEDIUMCONST=0800h-07FFFh -ACOMRAM=01h-05Fh -AABS1=00h-07FFh \
  -ABIGRAM=01h-07FFh -ARAM=060h-0FFh,0100h-01FFhx7 -ABANK0=060h-0FFh \
  -ABANK1=0100h-01FFh -ABANK2=0200h-02FFh -ABANK3=0300h-03FFh \
  -ABANK4=0400h-04FFh -ABANK5=0500h-05FFh -ABANK6=0600h-06FFh \
  -ABANK7=0700h-07FFh -ASFR=0F53h-0F5Fh,0F60h-0FFFh \
  -preset_vec=00h,intcode=08h,intcodelo,powerup,init -pramtop=0800h \
  -psmallconst=SMALLCONST -pmediumconst=MEDIUMCONST -pconst=CONST \
  -AFARRAM=00h-00h -ACONFIG=0300000h-030000Dh -pconfig=CONFIG \
  -AIDLOC=0200000h-0200007h -pidloc=IDLOC -AEEDATA=0F00000h-0F000FFh \
  -peeprom_data=EEDATA \
  -prdata=COMRAM,nvrram=COMRAM,nvbit=COMRAM,rbss=COMRAM,rbit=COMRAM \
  -pfarbss=FARRAM,fardata=FARRAM,nvFARRAM=FARRAM \
  -pintsave_regs=BIGRAM,bigbss=BIGRAM,bigdata=BIGRAM -pbss=RAM \
  -pidata=CODE,irdata=CODE,ibigdata=CODE,ifardata=CODE -prparam=COMRAM \
  C:\Users\Jeff\AppData\Local\Temp\s2s8.o \
  dist/default/debug\TicStepPathMode.X.debug.o 

Object code version is 3.11

Machine type is 18F25K50

Call graph: (short form)




                Name                               Link     Load   Length Selector   Space Scale
C:\Users\Jeff\AppData\Local\Temp\s2s8.o
                init                                 94       94        4        4       0
                reset_vec                             0        0        4        0       0
                idloc                            200000   200000        8   200000       0
                config                           300000   300000        E   300000       0
dist/default/debug\TicStepPathMode.X.debug.o
                eeprom_data                      F00000   F00000        8   F00000       0
                intcode                               8        8       8C        4       0
                temp                                 42       42        1        1       1
                text29                              8FE      8FE       64        4       0
                text28                              B58      B58        8        4       0
                text27                              B80      B80        4        4       0
                text26                              B7C      B7C        4        4       0
                text25                              84E      84E       B0        4       0
                text24                              B66      B66        6        4       0
                text22                              B04      B04       18        4       0
                text21                              B46      B46        A        4       0
                text20                              B1C      B1C       16        4       0
                text19                              B60      B60        6        4       0
                text18                              B78      B78        4        4       0
                text17                              AA2      AA2       28        4       0
                text16                              A4A      A4A       2E        4       0
                text15                              B3C      B3C        A        4       0
                text14                              9E4      9E4       36        4       0
                text13                              B32      B32        A        4       0
                text12                              A78      A78       2A        4       0
                text11                              ACA      ACA       22        4       0
                text10                              A1A      A1A       30        4       0
                text9                               AEC      AEC       18        4       0
                text8                               58E      58E      19A        4       0
                text7                               B50      B50        8        4       0
                text6                               962      962       44        4       0
                text5                               B74      B74        4        4       0
                text4                               B70      B70        4        4       0
                text3                               B6C      B6C        4        4       0
                text2                                98       98      336        4       0
                text1                               3CE      3CE      1C0        4       0
                text0                               728      728      126        4       0
                cstackCOMRAM                         2D       2D       13        1       1
                bssBANK1                            100      100       FE      100       1
                dataCOMRAM                           40       40        2        1       1
                bssCOMRAM                             1        1       2C        1       1
                cinit                               9A6      9A6       3E        4       0
                idataCOMRAM                         B84      B84        2        4       0

TOTAL           Name                               Link     Load   Length     Space
        CLASS   STACK          

        CLASS   CODE           
                intcode                               8        8       8C         0
                init                                 94       94        4         0
                reset_vec                             0        0        4         0
                text29                              8FE      8FE       64         0
                text28                              B58      B58        8         0
                text27                              B80      B80        4         0
                text26                              B7C      B7C        4         0
                text25                              84E      84E       B0         0
                text24                              B66      B66        6         0
                text22                              B04      B04       18         0
                text21                              B46      B46        A         0
                text20                              B1C      B1C       16         0
                text19                              B60      B60        6         0
                text18                              B78      B78        4         0
                text17                              AA2      AA2       28         0
                text16                              A4A      A4A       2E         0
                text15                              B3C      B3C        A         0
                text14                              9E4      9E4       36         0
                text13                              B32      B32        A         0
                text12                              A78      A78       2A         0
                text11                              ACA      ACA       22         0
                text10                              A1A      A1A       30         0
                text9                               AEC      AEC       18         0
                text8                               58E      58E      19A         0
                text7                               B50      B50        8         0
                text6                               962      962       44         0
                text5                               B74      B74        4         0
                text4                               B70      B70        4         0
                text3                               B6C      B6C        4         0
                text2                                98       98      336         0
                text1                               3CE      3CE      1C0         0
                text0                               728      728      126         0
                cinit                               9A6      9A6       3E         0
                idataCOMRAM                         B84      B84        2         0

        CLASS   CONST          

        CLASS   SMALLCONST     

        CLASS   MEDIUMCONST    

        CLASS   COMRAM         
                temp                                 42       42        1         1
                cstackCOMRAM                         2D       2D       13         1
                dataCOMRAM                           40       40        2         1
                bssCOMRAM                             1        1       2C         1

        CLASS   ABS1           

        CLASS   BIGRAM         

        CLASS   RAM            

        CLASS   BANK0          

        CLASS   BANK1          
                bssBANK1                            100      100       FE         1

        CLASS   BANK2          

        CLASS   BANK3          

        CLASS   BANK4          

        CLASS   BANK5          

        CLASS   BANK6          

        CLASS   BANK7          

        CLASS   SFR            

        CLASS   FARRAM         

        CLASS   CONFIG         
                config                           300000   300000        E         0

        CLASS   IDLOC          
                idloc                            200000   200000        8         0

        CLASS   EEDATA         
                eeprom_data                      F00000   F00000        8         0



SEGMENTS        Name                           Load    Length   Top    Selector   Space  Class

                reset_vec                      000000  000004  000004         0       0  CODE    
                bssCOMRAM                      000001  000042  000043         1       1  COMRAM  
                intcode                        000008  000B7E  000B86         4       0  CODE    
                bssBANK1                       000100  0000FE  0001FE       100       1  BANK1   
                idloc                          200000  000008  200008    200000       0  IDLOC   
                config                         300000  00000E  30000E    300000       0  CONFIG  
                eeprom_data                    F00000  000008  F00008    F00000       0  EEDATA  


UNUSED ADDRESS RANGES

        Name                Unused          Largest block    Delta
        BANK0            000060-0000FF               A0
        BANK1            0001FE-0001FF                2
        BANK2            000200-0002FF              100
        BANK3            000300-0003FF              100
        BANK4            000400-0004FF              100
        BANK5            000500-0005FF              100
        BANK6            000600-0006FF              100
        BANK7            000700-0007FF              100
        BIGRAM           000043-0000FF               BD
                         0001FE-0007FF              602
        CODE             000004-000007                4
                         000B86-007FFF             747A
        COMRAM           000043-00005F               1D
        CONST            000004-000007                4
                         000B86-007FFF             747A
        EEDATA           F00008-F000FF               F8
        MEDIUMCONST      000B86-007FFF             747A
        RAM              000060-0000FF               A0
                         0001FE-0007FF              100
        SFR              000F53-000FFF                D
        SMALLCONST       000B86-007FFF              100
        STACK            0001FE-0007FF              602

                                  Symbol Table

DAC_SetOutput@inputData                   cstackCOMRAM 000032
DATAEE_ReadByte@bAdd                      cstackCOMRAM 000032
DATAEE_WriteByte@GIEBitValue              cstackCOMRAM 000034
DATAEE_WriteByte@bAdd                     cstackCOMRAM 000033
DATAEE_WriteByte@bData                    cstackCOMRAM 000032
TMR0_SetInterruptHandler@InterruptHandler cstackCOMRAM 000032
TMR1_SetInterruptHandler@InterruptHandler cstackCOMRAM 000032
_ACTCON                                   (abs)        000FB5
_ANSELA                                   (abs)        000F5B
_ANSELB                                   (abs)        000F5C
_ANSELC                                   (abs)        000F5D
_BAUDCON1                                 (abs)        000FB8
_DAC_Initialize                           text21       000B46
_DAC_SetOutput                            text7        000B50
_DATAEE_ReadByte                          text22       000B04
_DATAEE_WriteByte                         text6        000962
_EEADR                                    (abs)        000FA9
_EECON1bits                               (abs)        000FA6
_EECON2                                   (abs)        000FA7
_EEDATA                                   (abs)        000FA8
_EUSART1_Initialize                       text20       000B1C
_EUSART1_Read                             text10       000A1A
_EUSART1_is_rx_ready                      text9        000AEC
_FVR_Initialize                           text19       000B60
_INTCON2bits                              (abs)        000FF1
_INTCONbits                               (abs)        000FF2
_INTERRUPT_Initialize                     text18       000B78
_INTERRUPT_InterruptManager               intcode      000008
_LATA                                     (abs)        000F89
_LATAbits                                 (abs)        000F89
_LATB                                     (abs)        000F8A
_LATBbits                                 (abs)        000F8A
_LATC                                     (abs)        000F8B
_LATCbits                                 (abs)        000F8B
_OSCCON                                   (abs)        000FD3
_OSCCON2                                  (abs)        000FD2
_OSCILLATOR_Initialize                    text17       000AA2
_OSCTUNE                                  (abs)        000F9B
_PIE1bits                                 (abs)        000F9D
_PIN_MANAGER_Initialize                   text16       000A4A
_PIR1bits                                 (abs)        000F9E
_PIR2bits                                 (abs)        000FA1
_PLLRDY                                   (abs)        007E97
_PORTBbits                                (abs)        000F81
_PathBuffer                               bssBANK1     000100
_PathHead                                 bssCOMRAM    00002B
_PathTail                                 bssCOMRAM    00002A
_PositionCounter                          bssCOMRAM    000015
_RCONbits                                 (abs)        000FD0
_RCREG1                                   (abs)        000FAE
_RCSTA1                                   (abs)        000FAB
_RCSTA1bits                               (abs)        000FAB
_SPBRG1                                   (abs)        000FAF
_SPBRGH1                                  (abs)        000FB0
_SYSTEM_Initialize                        text11       000ACA
_T0CON                                    (abs)        000FD5
_T0CONbits                                (abs)        000FD5
_T1CON                                    (abs)        000FCD
_T1CONbits                                (abs)        000FCD
_T1GCON                                   (abs)        000FCC
_T1GCONbits                               (abs)        000FCC
_TABLAT                                   (abs)        000FF5
_TBLPTRH                                  (abs)        000FF7
_TBLPTRL                                  (abs)        000FF6
_TBLPTRU                                  (abs)        000FF8
_TMR0H                                    (abs)        000FD7
_TMR0L                                    (abs)        000FD6
_TMR0_DefaultInterruptHandler             (abs)        000000
_TMR0_ISR                                 text25       00084E
_TMR0_Initialize                          text14       0009E4
_TMR0_InterruptHandler                    bssCOMRAM    00001D
_TMR0_SetInterruptHandler                 text15       000B3C
_TMR0_StartTimer                          text5        000B74
_TMR0_StopTimer                           text4        000B70
_TMR1                                     (abs)        000FCE
_TMR1H                                    (abs)        000FCF
_TMR1L                                    (abs)        000FCE
_TMR1_DefaultInterruptHandler             (abs)        000000
_TMR1_ISR                                 text24       000B66
_TMR1_ISR_Guts                            text29       0008FE
_TMR1_Initialize                          text12       000A78
_TMR1_InterruptHandler                    bssCOMRAM    000019
_TMR1_SetInterruptHandler                 text13       000B32
_TMR1_StopTimer                           text3        000B6C
_TRISA                                    (abs)        000F92
_TRISB                                    (abs)        000F93
_TRISC                                    (abs)        000F94
_TRISCbits                                (abs)        000F94
_TXREG1                                   (abs)        000FAD
_TXSTA1                                   (abs)        000FAC
_TXSTA1bits                               (abs)        000FAC
_VREFCON0                                 (abs)        000F7D
_VREFCON0bits                             (abs)        000F7D
_VREFCON1                                 (abs)        000F7C
_VREFCON2                                 (abs)        000F7B
_WPUB                                     (abs)        000F85
__CFG_BOREN$SBORDIS                       (abs)        000000
__CFG_BORV$190                            (abs)        000000
__CFG_CCP2MX$RC1                          (abs)        000000
__CFG_CFGPLLEN$ON                         (abs)        000000
__CFG_CP0$OFF                             (abs)        000000
__CFG_CP1$OFF                             (abs)        000000
__CFG_CP2$OFF                             (abs)        000000
__CFG_CP3$OFF                             (abs)        000000
__CFG_CPB$OFF                             (abs)        000000
__CFG_CPD$OFF                             (abs)        000000
__CFG_CPUDIV$NOCLKDIV                     (abs)        000000
__CFG_DEBUG$OFF                           (abs)        000000
__CFG_EBTR0$OFF                           (abs)        000000
__CFG_EBTR1$OFF                           (abs)        000000
__CFG_EBTR2$OFF                           (abs)        000000
__CFG_EBTR3$OFF                           (abs)        000000
__CFG_EBTRB$OFF                           (abs)        000000
__CFG_FCMEN$OFF                           (abs)        000000
__CFG_FOSC$HSH                            (abs)        000000
__CFG_ICPRT$OFF                           (abs)        000000
__CFG_IESO$OFF                            (abs)        000000
__CFG_LS48MHZ$SYS48X8                     (abs)        000000
__CFG_LVP$ON                              (abs)        000000
__CFG_MCLRE$ON                            (abs)        000000
__CFG_PBADEN$ON                           (abs)        000000
__CFG_PCLKEN$ON                           (abs)        000000
__CFG_PLLSEL$PLL3X                        (abs)        000000
__CFG_SDOMX$RB3                           (abs)        000000
__CFG_STVREN$ON                           (abs)        000000
__CFG_T3CMX$RC0                           (abs)        000000
__CFG_WDTEN$OFF                           (abs)        000000
__CFG_WDTPS$32768                         (abs)        000000
__CFG_WRT0$OFF                            (abs)        000000
__CFG_WRT1$OFF                            (abs)        000000
__CFG_WRT2$OFF                            (abs)        000000
__CFG_WRT3$OFF                            (abs)        000000
__CFG_WRTB$OFF                            (abs)        000000
__CFG_WRTC$OFF                            (abs)        000000
__CFG_WRTD$OFF                            (abs)        000000
__CFG_XINST$OFF                           (abs)        000000
__CFG_nLPBOR$OFF                          (abs)        000000
__CFG_nPWRTEN$OFF                         (abs)        000000
__HRAM                                    (abs)        000000
__Habs1                                   abs1         000000
__Hbank0                                  bank0        000000
__Hbank1                                  bank1        000000
__Hbank2                                  bank2        000000
__Hbank3                                  bank3        000000
__Hbank4                                  bank4        000000
__Hbank5                                  bank5        000000
__Hbank6                                  bank6        000000
__Hbank7                                  bank7        000000
__Hbigbss                                 bigbss       000000
__Hbigdata                                bigdata      000000
__Hbigram                                 bigram       000000
__Hbss                                    bss          000000
__HbssBANK1                               bssBANK1     000000
__HbssCOMRAM                              bssCOMRAM    000000
__Hcinit                                  cinit        000000
__Hclrtext                                clrtext      000000
__Hcomram                                 comram       000000
__Hconfig                                 config       30000E
__Hconst                                  const        000000
__HcstackCOMRAM                           cstackCOMRAM 000000
__Hdata                                   data         000000
__HdataCOMRAM                             dataCOMRAM   000000
__Heeprom_data                            eeprom_data  F00008
__Hfarbss                                 farbss       000000
__Hfardata                                fardata      000000
__Hibigdata                               ibigdata     000000
__Hidata                                  idata        000000
__HidataCOMRAM                            idataCOMRAM  000000
__Hidloc                                  idloc        200008
__Hifardata                               ifardata     000000
__Hinit                                   init         000098
__Hintcode                                intcode      000094
__Hintcode_body                           intcode_body 000000
__Hintcodelo                              intcodelo    000094
__Hintentry                               intentry     000000
__Hintret                                 intret       000000
__Hintsave_regs                           intsave_regs 000000
__Hirdata                                 irdata       000000
__Hmediumconst                            mediumconst  000000
__HnvFARRAM                               nvFARRAM     000000
__Hnvbit                                  nvbit        000000
__Hnvrram                                 nvrram       000000
__Hparam                                  rparam       000000
__Hpowerup                                powerup      000094
__Hram                                    ram          000000
__Hramtop                                 ramtop       000800
__Hrbit                                   rbit         000000
__Hrbss                                   rbss         000000
__Hrdata                                  rdata        000000
__Hreset_vec                              reset_vec    000004
__Hrparam                                 rparam       000000
__Hsfr                                    sfr          000000
__Hsmallconst                             smallconst   000000
__Hspace_0                                (abs)        F00008
__Hspace_1                                (abs)        0001FE
__Hspace_2                                (abs)        000000
__Hstack                                  stack        000000
__Hstruct                                 struct       000000
__Htemp                                   temp         000043
__Htext                                   text         000000
__Htext0                                  text0        000000
__Htext1                                  text1        000000
__Htext10                                 text10       000000
__Htext11                                 text11       000000
__Htext12                                 text12       000000
__Htext13                                 text13       000000
__Htext14                                 text14       000000
__Htext15                                 text15       000000
__Htext16                                 text16       000000
__Htext17                                 text17       000000
__Htext18                                 text18       000000
__Htext19                                 text19       000000
__Htext2                                  text2        000000
__Htext20                                 text20       000000
__Htext21                                 text21       000000
__Htext22                                 text22       000000
__Htext24                                 text24       000000
__Htext25                                 text25       000000
__Htext26                                 text26       000000
__Htext27                                 text27       000000
__Htext28                                 text28       000000
__Htext29                                 text29       000000
__Htext3                                  text3        000000
__Htext4                                  text4        000000
__Htext5                                  text5        000000
__Htext6                                  text6        000000
__Htext7                                  text7        000000
__Htext8                                  text8        000000
__Htext9                                  text9        000000
__LRAM                                    (abs)        000001
__Labs1                                   abs1         000000
__Lbank0                                  bank0        000000
__Lbank1                                  bank1        000000
__Lbank2                                  bank2        000000
__Lbank3                                  bank3        000000
__Lbank4                                  bank4        000000
__Lbank5                                  bank5        000000
__Lbank6                                  bank6        000000
__Lbank7                                  bank7        000000
__Lbigbss                                 bigbss       000000
__Lbigdata                                bigdata      000000
__Lbigram                                 bigram       000000
__Lbss                                    bss          000000
__LbssBANK1                               bssBANK1     000000
__LbssCOMRAM                              bssCOMRAM    000000
__Lcinit                                  cinit        000000
__Lclrtext                                clrtext      000000
__Lcomram                                 comram       000000
__Lconfig                                 config       300000
__Lconst                                  const        000000
__LcstackCOMRAM                           cstackCOMRAM 000000
__Ldata                                   data         000000
__LdataCOMRAM                             dataCOMRAM   000000
__Leeprom_data                            eeprom_data  F00000
__Lfarbss                                 farbss       000000
__Lfardata                                fardata      000000
__Libigdata                               ibigdata     000000
__Lidata                                  idata        000000
__LidataCOMRAM                            idataCOMRAM  000000
__Lidloc                                  idloc        200000
__Lifardata                               ifardata     000000
__Linit                                   init         000094
__Lintcode                                intcode      000008
__Lintcode_body                           intcode_body 000000
__Lintcodelo                              intcodelo    000094
__Lintentry                               intentry     000000
__Lintret                                 intret       000000
__Lintsave_regs                           intsave_regs 000000
__Lirdata                                 irdata       000000
__Lmediumconst                            mediumconst  000000
__LnvFARRAM                               nvFARRAM     000000
__Lnvbit                                  nvbit        000000
__Lnvrram                                 nvrram       000000
__Lparam                                  rparam       000000
__Lpowerup                                powerup      000094
__Lram                                    ram          000000
__Lramtop                                 ramtop       000800
__Lrbit                                   rbit         000000
__Lrbss                                   rbss         000000
__Lrdata                                  rdata        000000
__Lreset_vec                              reset_vec    000000
__Lrparam                                 rparam       000000
__Lsfr                                    sfr          000000
__Lsmallconst                             smallconst   000000
__Lspace_0                                (abs)        000000
__Lspace_1                                (abs)        000000
__Lspace_2                                (abs)        000000
__Lstack                                  stack        000000
__Lstruct                                 struct       000000
__Ltemp                                   temp         000042
__Ltext                                   text         000000
__Ltext0                                  text0        000000
__Ltext1                                  text1        000000
__Ltext10                                 text10       000000
__Ltext11                                 text11       000000
__Ltext12                                 text12       000000
__Ltext13                                 text13       000000
__Ltext14                                 text14       000000
__Ltext15                                 text15       000000
__Ltext16                                 text16       000000
__Ltext17                                 text17       000000
__Ltext18                                 text18       000000
__Ltext19                                 text19       000000
__Ltext2                                  text2        000000
__Ltext20                                 text20       000000
__Ltext21                                 text21       000000
__Ltext22                                 text22       000000
__Ltext24                                 text24       000000
__Ltext25                                 text25       000000
__Ltext26                                 text26       000000
__Ltext27                                 text27       000000
__Ltext28                                 text28       000000
__Ltext29                                 text29       000000
__Ltext3                                  text3        000000
__Ltext4                                  text4        000000
__Ltext5                                  text5        000000
__Ltext6                                  text6        000000
__Ltext7                                  text7        000000
__Ltext8                                  text8        000000
__Ltext9                                  text9        000000
__S0                                      (abs)        F00008
__S1                                      (abs)        0001FE
__S2                                      (abs)        000000
___inthi_sp                               stack        000000
___intlo_sp                               stack        000000
___param_bank                             (abs)        000000
___rparam_used                            (abs)        000001
___sp                                     stack        000000
__accesstop                               (abs)        000060
__activetblptr                            (abs)        000002
__end_of_DAC_Initialize                   text21       000B50
__end_of_DAC_SetOutput                    text7        000B58
__end_of_DATAEE_ReadByte                  text22       000B1C
__end_of_DATAEE_WriteByte                 text6        0009A6
__end_of_EUSART1_Initialize               text20       000B32
__end_of_EUSART1_Read                     text10       000A4A
__end_of_EUSART1_is_rx_ready              text9        000B04
__end_of_FVR_Initialize                   text19       000B66
__end_of_INTERRUPT_Initialize             text18       000B7C
__end_of_INTERRUPT_InterruptManager       intcode      000094
__end_of_OSCILLATOR_Initialize            text17       000ACA
__end_of_PIN_MANAGER_Initialize           text16       000A78
__end_of_SYSTEM_Initialize                text11       000AEC
__end_of_TMR0_ISR                         text25       0008FE
__end_of_TMR0_Initialize                  text14       000A1A
__end_of_TMR0_SetInterruptHandler         text15       000B46
__end_of_TMR0_StartTimer                  text5        000B78
__end_of_TMR0_StopTimer                   text4        000B74
__end_of_TMR1_ISR                         text24       000B6C
__end_of_TMR1_ISR_Guts                    text29       000962
__end_of_TMR1_Initialize                  text12       000AA2
__end_of_TMR1_SetInterruptHandler         text13       000B3C
__end_of_TMR1_StopTimer                   text3        000B70
__end_of__initialization                  cinit        0009D6
__end_of_get_cmd                          text8        000728
__end_of_main                             text0        00084E
__end_of_process_cmd                      text2        0003CE
__end_of_send_status                      text1        00058E
__end_ofi2_DAC_SetOutput                  text28       000B60
__end_ofi2_TMR0_StopTimer                 text27       000B84
__end_ofi2_TMR1_StopTimer                 text26       000B80
__initialization                          cinit        0009A6
__mediumconst                             mediumconst  000000
__pbssBANK1                               bssBANK1     000100
__pbssCOMRAM                              bssCOMRAM    000001
__pcinit                                  cinit        0009A6
__pcstackCOMRAM                           cstackCOMRAM 00002D
__pdataCOMRAM                             dataCOMRAM   000040
__pidataCOMRAM                            idataCOMRAM  000B84
__pintcode                                intcode      000008
__ptext0                                  text0        000728
__ptext1                                  text1        0003CE
__ptext10                                 text10       000A1A
__ptext11                                 text11       000ACA
__ptext12                                 text12       000A78
__ptext13                                 text13       000B32
__ptext14                                 text14       0009E4
__ptext15                                 text15       000B3C
__ptext16                                 text16       000A4A
__ptext17                                 text17       000AA2
__ptext18                                 text18       000B78
__ptext19                                 text19       000B60
__ptext2                                  text2        000098
__ptext20                                 text20       000B1C
__ptext21                                 text21       000B46
__ptext22                                 text22       000B04
__ptext24                                 text24       000B66
__ptext25                                 text25       00084E
__ptext26                                 text26       000B7C
__ptext27                                 text27       000B80
__ptext28                                 text28       000B58
__ptext29                                 text29       0008FE
__ptext3                                  text3        000B6C
__ptext4                                  text4        000B70
__ptext5                                  text5        000B74
__ptext6                                  text6        000962
__ptext7                                  text7        000B50
__ptext8                                  text8        00058E
__ptext9                                  text9        000AEC
__ramtop                                  ramtop       000800
__size_of_DAC_Initialize                  (abs)        000000
__size_of_DAC_SetOutput                   (abs)        000000
__size_of_DATAEE_ReadByte                 (abs)        000000
__size_of_DATAEE_WriteByte                (abs)        000000
__size_of_EUSART1_Initialize              (abs)        000000
__size_of_EUSART1_Read                    (abs)        000000
__size_of_EUSART1_is_rx_ready             (abs)        000000
__size_of_FVR_Initialize                  (abs)        000000
__size_of_INTERRUPT_Initialize            (abs)        000000
__size_of_INTERRUPT_InterruptManager      (abs)        000000
__size_of_OSCILLATOR_Initialize           (abs)        000000
__size_of_PIN_MANAGER_Initialize          (abs)        000000
__size_of_SYSTEM_Initialize               (abs)        000000
__size_of_TMR0_ISR                        (abs)        000000
__size_of_TMR0_Initialize                 (abs)        000000
__size_of_TMR0_SetInterruptHandler        (abs)        000000
__size_of_TMR0_StartTimer                 (abs)        000000
__size_of_TMR0_StopTimer                  (abs)        000000
__size_of_TMR1_ISR                        (abs)        000000
__size_of_TMR1_ISR_Guts                   (abs)        000000
__size_of_TMR1_Initialize                 (abs)        000000
__size_of_TMR1_SetInterruptHandler        (abs)        000000
__size_of_TMR1_StopTimer                  (abs)        000000
__size_of_get_cmd                         (abs)        000000
__size_of_main                            (abs)        000000
__size_of_process_cmd                     (abs)        000000
__size_of_send_status                     (abs)        000000
__size_ofi2_DAC_SetOutput                 (abs)        000000
__size_ofi2_TMR0_StopTimer                (abs)        000000
__size_ofi2_TMR1_StopTimer                (abs)        000000
__smallconst                              smallconst   000000
_cksum_calc                               bssCOMRAM    000021
_cksum_err                                bssCOMRAM    000022
_cmd_buf                                  bssCOMRAM    000001
_datacount                                bssCOMRAM    000027
_dirbit                                   bssCOMRAM    00002C
_get_cmd                                  text8        00058E
_group_leader                             bssCOMRAM    000023
_hold_current                             dataCOMRAM   000041
_main                                     text0        000728
_my_address                               bssCOMRAM    000025
_my_group_address                         bssCOMRAM    000024
_numdat                                   bssCOMRAM    000026
_process_cmd                              text2        000098
_rcv_state                                bssCOMRAM    000029
_run_current                              dataCOMRAM   000040
_send_state                               bssCOMRAM    000028
_send_status                              text1        0003CE
_timer0ReloadVal                          bssCOMRAM    00001B
_timer1ReloadVal                          bssCOMRAM    00001F
btemp                                     temp         000042
end_of_initialization                     cinit        0009D6
i2DAC_SetOutput@inputData                 cstackCOMRAM 00002D
i2_DAC_SetOutput                          text28       000B58
i2_TMR0_StopTimer                         text27       000B80
i2_TMR1_StopTimer                         text26       000B7C
int$flags                                 temp         000042
intlevel0                                 text         000000
intlevel1                                 text         000000
intlevel2                                 text         000000
intlevel3                                 text         000000
process_cmd@command                       cstackCOMRAM 00003C
process_cmd@i                             cstackCOMRAM 00003F
process_cmd@mem_addr                      cstackCOMRAM 00003A
process_cmd@ndata                         cstackCOMRAM 00003E
process_cmd@temp_cur                      cstackCOMRAM 00003D
send_status@statbyte                      cstackCOMRAM 000034
stackhi                                   (abs)        0007FF
stacklo                                   (abs)        0001FE
start                                     init         000094
start_initialization                      cinit        0009A6
ttemp5                                    temp         000043
ttemp6                                    temp         000046
ttemp7                                    temp         00004A
wtemp8                                    temp         000043


FUNCTION INFORMATION:

 *************** function _main *****************
 Defined at:
		line 343 in file "main.c"
 Parameters:    Size  Location     Type
		None
 Auto vars:     Size  Location     Type
  i               2    0        int 
 Return value:  Size  Location     Type
                  1    wreg      void 
 Registers used:
		wreg, fsr1l, fsr1h, fsr2l, fsr2h, status,2, status,0, prodl, prodh, cstack
 Tracked objects:
		On entry : 
		On exit  : 
		Unchanged: 
 Data sizes:     COMRAM   BANK0   BANK1   BANK2   BANK3   BANK4   BANK5   BANK6   BANK7
      Params:         0       0       0       0       0       0       0       0       0
      Locals:         0       0       0       0       0       0       0       0       0
      Temps:          0       0       0       0       0       0       0       0       0
      Totals:         0       0       0       0       0       0       0       0       0
Total ram usage:        0 bytes
 Hardware stack levels required when called:    6
 This function calls:
		_DAC_SetOutput
		_DATAEE_ReadByte
		_SYSTEM_Initialize
		_TMR0_StopTimer
		_TMR1_StopTimer
		_get_cmd
		_process_cmd
		_send_status
 This function is called by:
		Startup code after reset
 This function uses a non-reentrant model


 *************** function _send_status *****************
 Defined at:
		line 288 in file "main.c"
 Parameters:    Size  Location     Type
		None
 Auto vars:     Size  Location     Type
  statbyte        1    7[COMRAM] unsigned char 
 Return value:  Size  Location     Type
                  1    wreg      void 
 Registers used:
		wreg, fsr2l, fsr2h, status,2, status,0, prodl, prodh
 Tracked objects:
		On entry : 
		On exit  : 
		Unchanged: 
 Data sizes:     COMRAM   BANK0   BANK1   BANK2   BANK3   BANK4   BANK5   BANK6   BANK7
      Params:         0       0       0       0       0       0       0       0       0
      Locals:         1       0       0       0       0       0       0       0       0
      Temps:          2       0       0       0       0       0       0       0       0
      Totals:         3       0       0       0       0       0       0       0       0
Total ram usage:        3 bytes
 Hardware stack levels used:    1
 Hardware stack levels required when called:    3
 This function calls:
		Nothing
 This function is called by:
		_main
 This function uses a non-reentrant model


 *************** function _process_cmd *****************
 Defined at:
		line 181 in file "main.c"
 Parameters:    Size  Location     Type
		None
 Auto vars:     Size  Location     Type
  mem_addr        2   13[COMRAM] unsigned short 
  i               1   18[COMRAM] unsigned char 
  ndata           1   17[COMRAM] unsigned char 
  temp_cur        1   16[COMRAM] unsigned char 
  command         1   15[COMRAM] unsigned char 
 Return value:  Size  Location     Type
                  1    wreg      void 
 Registers used:
		wreg, fsr1l, fsr1h, fsr2l, fsr2h, status,2, status,0, prodl, prodh, cstack
 Tracked objects:
		On entry : 
		On exit  : 
		Unchanged: 
 Data sizes:     COMRAM   BANK0   BANK1   BANK2   BANK3   BANK4   BANK5   BANK6   BANK7
      Params:         0       0       0       0       0       0       0       0       0
      Locals:         6       0       0       0       0       0       0       0       0
      Temps:          5       0       0       0       0       0       0       0       0
      Totals:        11       0       0       0       0       0       0       0       0
Total ram usage:       11 bytes
 Hardware stack levels used:    1
 Hardware stack levels required when called:    4
 This function calls:
		_DAC_SetOutput
		_DATAEE_WriteByte
		_TMR0_StartTimer
		_TMR0_StopTimer
		_TMR1_StopTimer
 This function is called by:
		_main
 This function uses a non-reentrant model


 *************** function _TMR1_StopTimer *****************
 Defined at:
		line 102 in file "mcc_generated_files/tmr1.c"
 Parameters:    Size  Location     Type
		None
 Auto vars:     Size  Location     Type
		None
 Return value:  Size  Location     Type
                  1    wreg      void 
 Registers used:
		None
 Tracked objects:
		On entry : 
		On exit  : 
		Unchanged: 
 Data sizes:     COMRAM   BANK0   BANK1   BANK2   BANK3   BANK4   BANK5   BANK6   BANK7
      Params:         0       0       0       0       0       0       0       0       0
      Locals:         0       0       0       0       0       0       0       0       0
      Temps:          0       0       0       0       0       0       0       0       0
      Totals:         0       0       0       0       0       0       0       0       0
Total ram usage:        0 bytes
 Hardware stack levels used:    1
 Hardware stack levels required when called:    3
 This function calls:
		Nothing
 This function is called by:
		_process_cmd
		_main
 This function uses a non-reentrant model


 *************** function _TMR0_StopTimer *****************
 Defined at:
		line 116 in file "mcc_generated_files/tmr0.c"
 Parameters:    Size  Location     Type
		None
 Auto vars:     Size  Location     Type
		None
 Return value:  Size  Location     Type
                  1    wreg      void 
 Registers used:
		None
 Tracked objects:
		On entry : 
		On exit  : 
		Unchanged: 
 Data sizes:     COMRAM   BANK0   BANK1   BANK2   BANK3   BANK4   BANK5   BANK6   BANK7
      Params:         0       0       0       0       0       0       0       0       0
      Locals:         0       0       0       0       0       0       0       0       0
      Temps:          0       0       0       0       0       0       0       0       0
      Totals:         0       0       0       0       0       0       0       0       0
Total ram usage:        0 bytes
 Hardware stack levels used:    1
 Hardware stack levels required when called:    3
 This function calls:
		Nothing
 This function is called by:
		_process_cmd
		_main
 This function uses a non-reentrant model


 *************** function _TMR0_StartTimer *****************
 Defined at:
		line 110 in file "mcc_generated_files/tmr0.c"
 Parameters:    Size  Location     Type
		None
 Auto vars:     Size  Location     Type
		None
 Return value:  Size  Location     Type
                  1    wreg      void 
 Registers used:
		None
 Tracked objects:
		On entry : 
		On exit  : 
		Unchanged: 
 Data sizes:     COMRAM   BANK0   BANK1   BANK2   BANK3   BANK4   BANK5   BANK6   BANK7
      Params:         0       0       0       0       0       0       0       0       0
      Locals:         0       0       0       0       0       0       0       0       0
      Temps:          0       0       0       0       0       0       0       0       0
      Totals:         0       0       0       0       0       0       0       0       0
Total ram usage:        0 bytes
 Hardware stack levels used:    1
 Hardware stack levels required when called:    3
 This function calls:
		Nothing
 This function is called by:
		_process_cmd
 This function uses a non-reentrant model


 *************** function _DATAEE_WriteByte *****************
 Defined at:
		line 166 in file "mcc_generated_files/memory.c"
 Parameters:    Size  Location     Type
  bAdd            1    wreg     unsigned char 
  bData           1    5[COMRAM] unsigned char 
 Auto vars:     Size  Location     Type
  bAdd            1    6[COMRAM] unsigned char 
  GIEBitValue     1    7[COMRAM] unsigned char 
 Return value:  Size  Location     Type
                  1    wreg      void 
 Registers used:
		wreg, status,2
 Tracked objects:
		On entry : 
		On exit  : 
		Unchanged: 
 Data sizes:     COMRAM   BANK0   BANK1   BANK2   BANK3   BANK4   BANK5   BANK6   BANK7
      Params:         1       0       0       0       0       0       0       0       0
      Locals:         2       0       0       0       0       0       0       0       0
      Temps:          0       0       0       0       0       0       0       0       0
      Totals:         3       0       0       0       0       0       0       0       0
Total ram usage:        3 bytes
 Hardware stack levels used:    1
 Hardware stack levels required when called:    3
 This function calls:
		Nothing
 This function is called by:
		_process_cmd
 This function uses a non-reentrant model


 *************** function _DAC_SetOutput *****************
 Defined at:
		line 66 in file "mcc_generated_files/dac.c"
 Parameters:    Size  Location     Type
  inputData       1    wreg     unsigned char 
 Auto vars:     Size  Location     Type
  inputData       1    5[COMRAM] unsigned char 
 Return value:  Size  Location     Type
                  1    wreg      void 
 Registers used:
		wreg
 Tracked objects:
		On entry : 
		On exit  : 
		Unchanged: 
 Data sizes:     COMRAM   BANK0   BANK1   BANK2   BANK3   BANK4   BANK5   BANK6   BANK7
      Params:         0       0       0       0       0       0       0       0       0
      Locals:         1       0       0       0       0       0       0       0       0
      Temps:          0       0       0       0       0       0       0       0       0
      Totals:         1       0       0       0       0       0       0       0       0
Total ram usage:        1 bytes
 Hardware stack levels used:    1
 Hardware stack levels required when called:    3
 This function calls:
		Nothing
 This function is called by:
		_process_cmd
		_main
 This function uses a non-reentrant model


 *************** function _get_cmd *****************
 Defined at:
		line 80 in file "main.c"
 Parameters:    Size  Location     Type
		None
 Auto vars:     Size  Location     Type
  i               1    0        unsigned char 
 Return value:  Size  Location     Type
                  1    wreg      void 
 Registers used:
		wreg, fsr2l, fsr2h, status,2, status,0, cstack
 Tracked objects:
		On entry : 
		On exit  : 
		Unchanged: 
 Data sizes:     COMRAM   BANK0   BANK1   BANK2   BANK3   BANK4   BANK5   BANK6   BANK7
      Params:         0       0       0       0       0       0       0       0       0
      Locals:         0       0       0       0       0       0       0       0       0
      Temps:          3       0       0       0       0       0       0       0       0
      Totals:         3       0       0       0       0       0       0       0       0
Total ram usage:        3 bytes
 Hardware stack levels used:    1
 Hardware stack levels required when called:    4
 This function calls:
		_EUSART1_Read
		_EUSART1_is_rx_ready
 This function is called by:
		_main
 This function uses a non-reentrant model


 *************** function _EUSART1_is_rx_ready *****************
 Defined at:
		line 83 in file "mcc_generated_files/eusart1.c"
 Parameters:    Size  Location     Type
		None
 Auto vars:     Size  Location     Type
		None
 Return value:  Size  Location     Type
                  1    wreg      _Bool 
 Registers used:
		wreg
 Tracked objects:
		On entry : 
		On exit  : 
		Unchanged: 
 Data sizes:     COMRAM   BANK0   BANK1   BANK2   BANK3   BANK4   BANK5   BANK6   BANK7
      Params:         0       0       0       0       0       0       0       0       0
      Locals:         0       0       0       0       0       0       0       0       0
      Temps:          0       0       0       0       0       0       0       0       0
      Totals:         0       0       0       0       0       0       0       0       0
Total ram usage:        0 bytes
 Hardware stack levels used:    1
 Hardware stack levels required when called:    3
 This function calls:
		Nothing
 This function is called by:
		_get_cmd
 This function uses a non-reentrant model


 *************** function _EUSART1_Read *****************
 Defined at:
		line 93 in file "mcc_generated_files/eusart1.c"
 Parameters:    Size  Location     Type
		None
 Auto vars:     Size  Location     Type
		None
 Return value:  Size  Location     Type
                  1    wreg      unsigned char 
 Registers used:
		wreg, status,2
 Tracked objects:
		On entry : 
		On exit  : 
		Unchanged: 
 Data sizes:     COMRAM   BANK0   BANK1   BANK2   BANK3   BANK4   BANK5   BANK6   BANK7
      Params:         0       0       0       0       0       0       0       0       0
      Locals:         0       0       0       0       0       0       0       0       0
      Temps:          0       0       0       0       0       0       0       0       0
      Totals:         0       0       0       0       0       0       0       0       0
Total ram usage:        0 bytes
 Hardware stack levels used:    1
 Hardware stack levels required when called:    3
 This function calls:
		Nothing
 This function is called by:
		_get_cmd
 This function uses a non-reentrant model


 *************** function _SYSTEM_Initialize *****************
 Defined at:
		line 50 in file "mcc_generated_files/mcc.c"
 Parameters:    Size  Location     Type
		None
 Auto vars:     Size  Location     Type
		None
 Return value:  Size  Location     Type
                  1    wreg      void 
 Registers used:
		wreg, status,2, status,0, cstack
 Tracked objects:
		On entry : 
		On exit  : 
		Unchanged: 
 Data sizes:     COMRAM   BANK0   BANK1   BANK2   BANK3   BANK4   BANK5   BANK6   BANK7
      Params:         0       0       0       0       0       0       0       0       0
      Locals:         0       0       0       0       0       0       0       0       0
      Temps:          0       0       0       0       0       0       0       0       0
      Totals:         0       0       0       0       0       0       0       0       0
Total ram usage:        0 bytes
 Hardware stack levels used:    1
 Hardware stack levels required when called:    5
 This function calls:
		_DAC_Initialize
		_EUSART1_Initialize
		_FVR_Initialize
		_INTERRUPT_Initialize
		_OSCILLATOR_Initialize
		_PIN_MANAGER_Initialize
		_TMR0_Initialize
		_TMR1_Initialize
 This function is called by:
		_main
 This function uses a non-reentrant model


 *************** function _TMR1_Initialize *****************
 Defined at:
		line 67 in file "mcc_generated_files/tmr1.c"
 Parameters:    Size  Location     Type
		None
 Auto vars:     Size  Location     Type
		None
 Return value:  Size  Location     Type
                  1    wreg      void 
 Registers used:
		wreg, status,2, status,0, cstack
 Tracked objects:
		On entry : 
		On exit  : 
		Unchanged: 
 Data sizes:     COMRAM   BANK0   BANK1   BANK2   BANK3   BANK4   BANK5   BANK6   BANK7
      Params:         0       0       0       0       0       0       0       0       0
      Locals:         0       0       0       0       0       0       0       0       0
      Temps:          0       0       0       0       0       0       0       0       0
      Totals:         0       0       0       0       0       0       0       0       0
Total ram usage:        0 bytes
 Hardware stack levels used:    1
 Hardware stack levels required when called:    4
 This function calls:
		_TMR1_SetInterruptHandler
 This function is called by:
		_SYSTEM_Initialize
 This function uses a non-reentrant model


 *************** function _TMR1_SetInterruptHandler *****************
 Defined at:
		line 222 in file "mcc_generated_files/tmr1.c"
 Parameters:    Size  Location     Type
  InterruptHan    2    5[COMRAM] PTR FTN()void 
		 -> TMR1_DefaultInterruptHandler(1), 
 Auto vars:     Size  Location     Type
		None
 Return value:  Size  Location     Type
                  1    wreg      void 
 Registers used:
		wreg, status,2, status,0
 Tracked objects:
		On entry : 
		On exit  : 
		Unchanged: 
 Data sizes:     COMRAM   BANK0   BANK1   BANK2   BANK3   BANK4   BANK5   BANK6   BANK7
      Params:         2       0       0       0       0       0       0       0       0
      Locals:         0       0       0       0       0       0       0       0       0
      Temps:          0       0       0       0       0       0       0       0       0
      Totals:         2       0       0       0       0       0       0       0       0
Total ram usage:        2 bytes
 Hardware stack levels used:    1
 Hardware stack levels required when called:    3
 This function calls:
		Nothing
 This function is called by:
		_TMR1_Initialize
 This function uses a non-reentrant model


 *************** function _TMR0_Initialize *****************
 Defined at:
		line 80 in file "mcc_generated_files/tmr0.c"
 Parameters:    Size  Location     Type
		None
 Auto vars:     Size  Location     Type
		None
 Return value:  Size  Location     Type
                  1    wreg      void 
 Registers used:
		wreg, status,2, status,0, cstack
 Tracked objects:
		On entry : 
		On exit  : 
		Unchanged: 
 Data sizes:     COMRAM   BANK0   BANK1   BANK2   BANK3   BANK4   BANK5   BANK6   BANK7
      Params:         0       0       0       0       0       0       0       0       0
      Locals:         0       0       0       0       0       0       0       0       0
      Temps:          2       0       0       0       0       0       0       0       0
      Totals:         2       0       0       0       0       0       0       0       0
Total ram usage:        2 bytes
 Hardware stack levels used:    1
 Hardware stack levels required when called:    4
 This function calls:
		_TMR0_SetInterruptHandler
 This function is called by:
		_SYSTEM_Initialize
 This function uses a non-reentrant model


 *************** function _TMR0_SetInterruptHandler *****************
 Defined at:
		line 196 in file "mcc_generated_files/tmr0.c"
 Parameters:    Size  Location     Type
  InterruptHan    2    5[COMRAM] PTR FTN()void 
		 -> TMR0_DefaultInterruptHandler(1), 
 Auto vars:     Size  Location     Type
		None
 Return value:  Size  Location     Type
                  1    wreg      void 
 Registers used:
		wreg, status,2, status,0
 Tracked objects:
		On entry : 
		On exit  : 
		Unchanged: 
 Data sizes:     COMRAM   BANK0   BANK1   BANK2   BANK3   BANK4   BANK5   BANK6   BANK7
      Params:         2       0       0       0       0       0       0       0       0
      Locals:         0       0       0       0       0       0       0       0       0
      Temps:          0       0       0       0       0       0       0       0       0
      Totals:         2       0       0       0       0       0       0       0       0
Total ram usage:        2 bytes
 Hardware stack levels used:    1
 Hardware stack levels required when called:    3
 This function calls:
		Nothing
 This function is called by:
		_TMR0_Initialize
 This function uses a non-reentrant model


 *************** function _PIN_MANAGER_Initialize *****************
 Defined at:
		line 57 in file "mcc_generated_files/pin_manager.c"
 Parameters:    Size  Location     Type
		None
 Auto vars:     Size  Location     Type
		None
 Return value:  Size  Location     Type
                  1    wreg      void 
 Registers used:
		wreg, status,2
 Tracked objects:
		On entry : 
		On exit  : 
		Unchanged: 
 Data sizes:     COMRAM   BANK0   BANK1   BANK2   BANK3   BANK4   BANK5   BANK6   BANK7
      Params:         0       0       0       0       0       0       0       0       0
      Locals:         0       0       0       0       0       0       0       0       0
      Temps:          0       0       0       0       0       0       0       0       0
      Totals:         0       0       0       0       0       0       0       0       0
Total ram usage:        0 bytes
 Hardware stack levels used:    1
 Hardware stack levels required when called:    3
 This function calls:
		Nothing
 This function is called by:
		_SYSTEM_Initialize
 This function uses a non-reentrant model


 *************** function _OSCILLATOR_Initialize *****************
 Defined at:
		line 63 in file "mcc_generated_files/mcc.c"
 Parameters:    Size  Location     Type
		None
 Auto vars:     Size  Location     Type
		None
 Return value:  Size  Location     Type
                  1    wreg      void 
 Registers used:
		wreg, status,2
 Tracked objects:
		On entry : 
		On exit  : 
		Unchanged: 
 Data sizes:     COMRAM   BANK0   BANK1   BANK2   BANK3   BANK4   BANK5   BANK6   BANK7
      Params:         0       0       0       0       0       0       0       0       0
      Locals:         0       0       0       0       0       0       0       0       0
      Temps:          0       0       0       0       0       0       0       0       0
      Totals:         0       0       0       0       0       0       0       0       0
Total ram usage:        0 bytes
 Hardware stack levels used:    1
 Hardware stack levels required when called:    3
 This function calls:
		Nothing
 This function is called by:
		_SYSTEM_Initialize
 This function uses a non-reentrant model


 *************** function _INTERRUPT_Initialize *****************
 Defined at:
		line 52 in file "mcc_generated_files/interrupt_manager.c"
 Parameters:    Size  Location     Type
		None
 Auto vars:     Size  Location     Type
		None
 Return value:  Size  Location     Type
                  1    wreg      void 
 Registers used:
		None
 Tracked objects:
		On entry : 
		On exit  : 
		Unchanged: 
 Data sizes:     COMRAM   BANK0   BANK1   BANK2   BANK3   BANK4   BANK5   BANK6   BANK7
      Params:         0       0       0       0       0       0       0       0       0
      Locals:         0       0       0       0       0       0       0       0       0
      Temps:          0       0       0       0       0       0       0       0       0
      Totals:         0       0       0       0       0       0       0       0       0
Total ram usage:        0 bytes
 Hardware stack levels used:    1
 Hardware stack levels required when called:    3
 This function calls:
		Nothing
 This function is called by:
		_SYSTEM_Initialize
 This function uses a non-reentrant model


 *************** function _FVR_Initialize *****************
 Defined at:
		line 58 in file "mcc_generated_files/fvr.c"
 Parameters:    Size  Location     Type
		None
 Auto vars:     Size  Location     Type
		None
 Return value:  Size  Location     Type
                  1    wreg      void 
 Registers used:
		wreg, status,2
 Tracked objects:
		On entry : 
		On exit  : 
		Unchanged: 
 Data sizes:     COMRAM   BANK0   BANK1   BANK2   BANK3   BANK4   BANK5   BANK6   BANK7
      Params:         0       0       0       0       0       0       0       0       0
      Locals:         0       0       0       0       0       0       0       0       0
      Temps:          0       0       0       0       0       0       0       0       0
      Totals:         0       0       0       0       0       0       0       0       0
Total ram usage:        0 bytes
 Hardware stack levels used:    1
 Hardware stack levels required when called:    3
 This function calls:
		Nothing
 This function is called by:
		_SYSTEM_Initialize
 This function uses a non-reentrant model


 *************** function _EUSART1_Initialize *****************
 Defined at:
		line 56 in file "mcc_generated_files/eusart1.c"
 Parameters:    Size  Location     Type
		None
 Auto vars:     Size  Location     Type
		None
 Return value:  Size  Location     Type
                  1    wreg      void 
 Registers used:
		wreg, status,2
 Tracked objects:
		On entry : 
		On exit  : 
		Unchanged: 
 Data sizes:     COMRAM   BANK0   BANK1   BANK2   BANK3   BANK4   BANK5   BANK6   BANK7
      Params:         0       0       0       0       0       0       0       0       0
      Locals:         0       0       0       0       0       0       0       0       0
      Temps:          0       0       0       0       0       0       0       0       0
      Totals:         0       0       0       0       0       0       0       0       0
Total ram usage:        0 bytes
 Hardware stack levels used:    1
 Hardware stack levels required when called:    3
 This function calls:
		Nothing
 This function is called by:
		_SYSTEM_Initialize
 This function uses a non-reentrant model


 *************** function _DAC_Initialize *****************
 Defined at:
		line 58 in file "mcc_generated_files/dac.c"
 Parameters:    Size  Location     Type
		None
 Auto vars:     Size  Location     Type
		None
 Return value:  Size  Location     Type
                  1    wreg      void 
 Registers used:
		wreg, status,2
 Tracked objects:
		On entry : 
		On exit  : 
		Unchanged: 
 Data sizes:     COMRAM   BANK0   BANK1   BANK2   BANK3   BANK4   BANK5   BANK6   BANK7
      Params:         0       0       0       0       0       0       0       0       0
      Locals:         0       0       0       0       0       0       0       0       0
      Temps:          0       0       0       0       0       0       0       0       0
      Totals:         0       0       0       0       0       0       0       0       0
Total ram usage:        0 bytes
 Hardware stack levels used:    1
 Hardware stack levels required when called:    3
 This function calls:
		Nothing
 This function is called by:
		_SYSTEM_Initialize
 This function uses a non-reentrant model


 *************** function _DATAEE_ReadByte *****************
 Defined at:
		line 188 in file "mcc_generated_files/memory.c"
 Parameters:    Size  Location     Type
  bAdd            1    wreg     unsigned char 
 Auto vars:     Size  Location     Type
  bAdd            1    5[COMRAM] unsigned char 
 Return value:  Size  Location     Type
                  1    wreg      unsigned char 
 Registers used:
		wreg, status,2
 Tracked objects:
		On entry : 
		On exit  : 
		Unchanged: 
 Data sizes:     COMRAM   BANK0   BANK1   BANK2   BANK3   BANK4   BANK5   BANK6   BANK7
      Params:         0       0       0       0       0       0       0       0       0
      Locals:         1       0       0       0       0       0       0       0       0
      Temps:          0       0       0       0       0       0       0       0       0
      Totals:         1       0       0       0       0       0       0       0       0
Total ram usage:        1 bytes
 Hardware stack levels used:    1
 Hardware stack levels required when called:    3
 This function calls:
		Nothing
 This function is called by:
		_main
 This function uses a non-reentrant model


 *************** function _INTERRUPT_InterruptManager *****************
 Defined at:
		line 58 in file "mcc_generated_files/interrupt_manager.c"
 Parameters:    Size  Location     Type
		None
 Auto vars:     Size  Location     Type
		None
 Return value:  Size  Location     Type
                  1    wreg      void 
 Registers used:
		wreg, fsr2l, fsr2h, status,2, status,0, prodl, prodh, cstack
 Tracked objects:
		On entry : 
		On exit  : 
		Unchanged: 
 Data sizes:     COMRAM   BANK0   BANK1   BANK2   BANK3   BANK4   BANK5   BANK6   BANK7
      Params:         0       0       0       0       0       0       0       0       0
      Locals:         0       0       0       0       0       0       0       0       0
      Temps:          4       0       0       0       0       0       0       0       0
      Totals:         4       0       0       0       0       0       0       0       0
Total ram usage:        4 bytes
 Hardware stack levels used:    1
 Hardware stack levels required when called:    2
 This function calls:
		_TMR0_ISR
		_TMR1_ISR
 This function is called by:
		Interrupt level 2
 This function uses a non-reentrant model


 *************** function _TMR1_ISR *****************
 Defined at:
		line 188 in file "mcc_generated_files/tmr1.c"
 Parameters:    Size  Location     Type
		None
 Auto vars:     Size  Location     Type
		None
 Return value:  Size  Location     Type
                  1    wreg      void 
 Registers used:
		wreg, status,2, status,0, cstack
 Tracked objects:
		On entry : 
		On exit  : 
		Unchanged: 
 Data sizes:     COMRAM   BANK0   BANK1   BANK2   BANK3   BANK4   BANK5   BANK6   BANK7
      Params:         0       0       0       0       0       0       0       0       0
      Locals:         0       0       0       0       0       0       0       0       0
      Temps:          0       0       0       0       0       0       0       0       0
      Totals:         0       0       0       0       0       0       0       0       0
Total ram usage:        0 bytes
 Hardware stack levels used:    1
 Hardware stack levels required when called:    1
 This function calls:
		_TMR1_ISR_Guts
 This function is called by:
		_INTERRUPT_InterruptManager
 This function uses a non-reentrant model


 *************** function _TMR0_ISR *****************
 Defined at:
		line 151 in file "mcc_generated_files/tmr0.c"
 Parameters:    Size  Location     Type
		None
 Auto vars:     Size  Location     Type
		None
 Return value:  Size  Location     Type
                  1    wreg      void 
 Registers used:
		wreg, fsr2l, fsr2h, status,2, status,0, prodl, prodh, cstack
 Tracked objects:
		On entry : 
		On exit  : 
		Unchanged: 
 Data sizes:     COMRAM   BANK0   BANK1   BANK2   BANK3   BANK4   BANK5   BANK6   BANK7
      Params:         0       0       0       0       0       0       0       0       0
      Locals:         0       0       0       0       0       0       0       0       0
      Temps:          0       0       0       0       0       0       0       0       0
      Totals:         0       0       0       0       0       0       0       0       0
Total ram usage:        0 bytes
 Hardware stack levels used:    1
 Hardware stack levels required when called:    1
 This function calls:
		_TMR1_ISR_Guts
		i2_DAC_SetOutput
		i2_TMR0_StopTimer
		i2_TMR1_StopTimer
 This function is called by:
		_INTERRUPT_InterruptManager
 This function uses a non-reentrant model


 *************** function i2_TMR1_StopTimer *****************
 Defined at:
		line 102 in file "mcc_generated_files/tmr1.c"
 Parameters:    Size  Location     Type
		None
 Auto vars:     Size  Location     Type
		None
 Return value:  Size  Location     Type
                  1    wreg      void 
 Registers used:
		None
 Tracked objects:
		On entry : 
		On exit  : 
		Unchanged: 
 Data sizes:     COMRAM   BANK0   BANK1   BANK2   BANK3   BANK4   BANK5   BANK6   BANK7
      Params:         0       0       0       0       0       0       0       0       0
      Locals:         0       0       0       0       0       0       0       0       0
      Temps:          0       0       0       0       0       0       0       0       0
      Totals:         0       0       0       0       0       0       0       0       0
Total ram usage:        0 bytes
 Hardware stack levels used:    1
 This function calls:
		Nothing
 This function is called by:
		_TMR0_ISR
 This function uses a non-reentrant model


 *************** function i2_TMR0_StopTimer *****************
 Defined at:
		line 116 in file "mcc_generated_files/tmr0.c"
 Parameters:    Size  Location     Type
		None
 Auto vars:     Size  Location     Type
		None
 Return value:  Size  Location     Type
                  1    wreg      void 
 Registers used:
		None
 Tracked objects:
		On entry : 
		On exit  : 
		Unchanged: 
 Data sizes:     COMRAM   BANK0   BANK1   BANK2   BANK3   BANK4   BANK5   BANK6   BANK7
      Params:         0       0       0       0       0       0       0       0       0
      Locals:         0       0       0       0       0       0       0       0       0
      Temps:          0       0       0       0       0       0       0       0       0
      Totals:         0       0       0       0       0       0       0       0       0
Total ram usage:        0 bytes
 Hardware stack levels used:    1
 This function calls:
		Nothing
 This function is called by:
		_TMR0_ISR
 This function uses a non-reentrant model


 *************** function i2_DAC_SetOutput *****************
 Defined at:
		line 66 in file "mcc_generated_files/dac.c"
 Parameters:    Size  Location     Type
  inputData       1    wreg     unsigned char 
 Auto vars:     Size  Location     Type
  inputData       1    0[COMRAM] unsigned char 
 Return value:  Size  Location     Type
                  1    wreg      void 
 Registers used:
		wreg
 Tracked objects:
		On entry : 
		On exit  : 
		Unchanged: 
 Data sizes:     COMRAM   BANK0   BANK1   BANK2   BANK3   BANK4   BANK5   BANK6   BANK7
      Params:         0       0       0       0       0       0       0       0       0
      Locals:         1       0       0       0       0       0       0       0       0
      Temps:          0       0       0       0       0       0       0       0       0
      Totals:         1       0       0       0       0       0       0       0       0
Total ram usage:        1 bytes
 Hardware stack levels used:    1
 This function calls:
		Nothing
 This function is called by:
		_TMR0_ISR
 This function uses a non-reentrant model


 *************** function _TMR1_ISR_Guts *****************
 Defined at:
		line 161 in file "mcc_generated_files/tmr1.c"
 Parameters:    Size  Location     Type
		None
 Auto vars:     Size  Location     Type
		None
 Return value:  Size  Location     Type
                  1    wreg      void 
 Registers used:
		wreg, status,2, status,0
 Tracked objects:
		On entry : 
		On exit  : 
		Unchanged: 
 Data sizes:     COMRAM   BANK0   BANK1   BANK2   BANK3   BANK4   BANK5   BANK6   BANK7
      Params:         0       0       0       0       0       0       0       0       0
      Locals:         0       0       0       0       0       0       0       0       0
      Temps:          0       0       0       0       0       0       0       0       0
      Totals:         0       0       0       0       0       0       0       0       0
Total ram usage:        0 bytes
 Hardware stack levels used:    1
 This function calls:
		Nothing
 This function is called by:
		_TMR0_ISR
		_TMR1_ISR
 This function uses a non-reentrant model



MODULE INFORMATION

Module		Function		Class		Link	Load	Size
mcc_generated_files/fvr.c
		_FVR_Initialize		CODE           	0B60	0000	7

mcc_generated_files/fvr.c estimated size: 7

mcc_generated_files/interrupt_manager.c
		_INTERRUPT_Initialize		CODE           	0B78	0000	5
		_INTERRUPT_InterruptManager		CODE           	0008	0000	141

mcc_generated_files/interrupt_manager.c estimated size: 146

mcc_generated_files/tmr0.c
		_TMR0_SetInterruptHandler		CODE           	0B3C	0000	11
		_TMR0_StopTimer		CODE           	0B70	0000	5
		_TMR0_StartTimer		CODE           	0B74	0000	5
		_TMR0_ISR      		CODE           	084E	0000	177
		_TMR0_Initialize		CODE           	09E4	0000	55

mcc_generated_files/tmr0.c estimated size: 253

mcc_generated_files/pin_manager.c
		_PIN_MANAGER_Initialize		CODE           	0A4A	0000	47

mcc_generated_files/pin_manager.c estimated size: 47

shared
		i2_TMR0_StopTimer		CODE           	0B80	0000	5
		i2_DAC_SetOutput		CODE           	0B58	0000	9
		i2_TMR1_StopTimer		CODE           	0B7C	0000	5
		__initialization		CODE           	09A6	0000	49

shared estimated size: 68

mcc_generated_files/eusart1.c
		_EUSART1_is_rx_ready		CODE           	0AEC	0000	25
		_EUSART1_Initialize		CODE           	0B1C	0000	23
		_EUSART1_Read  		CODE           	0A1A	0000	49

mcc_generated_files/eusart1.c estimated size: 97

mcc_generated_files/mcc.c
		_OSCILLATOR_Initialize		CODE           	0AA2	0000	41
		_SYSTEM_Initialize		CODE           	0ACA	0000	35

mcc_generated_files/mcc.c estimated size: 76

mcc_generated_files/tmr1.c
		_TMR1_ISR_Guts 		CODE           	08FE	0000	101
		_TMR1_Initialize		CODE           	0A78	0000	43
		_TMR1_SetInterruptHandler		CODE           	0B32	0000	11
		_TMR1_StopTimer		CODE           	0B6C	0000	5
		_TMR1_ISR      		CODE           	0B66	0000	7

mcc_generated_files/tmr1.c estimated size: 167

mcc_generated_files/memory.c
		_DATAEE_WriteByte		CODE           	0962	0000	69
		_DATAEE_ReadByte		CODE           	0B04	0000	25

mcc_generated_files/memory.c estimated size: 94

mcc_generated_files/dac.c
		_DAC_Initialize		CODE           	0B46	0000	11
		_DAC_SetOutput 		CODE           	0B50	0000	9

mcc_generated_files/dac.c estimated size: 20

main.c
		_process_cmd   		CODE           	0098	0000	823
		_main          		CODE           	0728	0000	295
		_send_status   		CODE           	03CE	0000	449
		_get_cmd       		CODE           	058E	0000	411

main.c estimated size: 1978

